// Jest Snapshot v1, https://goo.gl/fbAQLP

exports[`PlanqFiFactory #createPool gas 1`] = `4557092`;

exports[`PlanqFiFactory factory bytecode size 1`] = `24535`;

exports[`PlanqFiFactory pool bytecode size 1`] = `22142`;
